******************************************************************************
                  MSP430 Linker PC v20.2.1                     
******************************************************************************
>> Linked Fri Aug 14 19:15:48 2020

OUTPUT FILE NAME:   <C_auto_with_self_study.out>
ENTRY POINT SYMBOL: "_c_int00_noargs"  address: 00004456


MEMORY CONFIGURATION

         name            origin    length      used     unused   attr    fill
----------------------  --------  ---------  --------  --------  ----  --------
  SFR                   00000000   00000010  00000000  00000010  RWIX
  PERIPHERALS_8BIT      00000010   000000f0  00000000  000000f0  RWIX
  PERIPHERALS_16BIT     00000100   00000100  00000000  00000100  RWIX
  INFOD                 00001800   00000080  00000000  00000080  RWIX
  INFOC                 00001880   00000080  00000000  00000080  RWIX
  INFOB                 00001900   00000080  00000000  00000080  RWIX
  INFOA                 00001980   00000080  00000000  00000080  RWIX
  USBRAM                00001c00   00000800  00000000  00000800  RWIX
  RAM                   00002400   00002000  00000114  00001eec  RWIX
  FLASH                 00004400   0000bb80  00003572  0000860e  RWIX
  INT00                 0000ff80   00000002  00000000  00000002  RWIX
  INT01                 0000ff82   00000002  00000000  00000002  RWIX
  INT02                 0000ff84   00000002  00000000  00000002  RWIX
  INT03                 0000ff86   00000002  00000000  00000002  RWIX
  INT04                 0000ff88   00000002  00000000  00000002  RWIX
  INT05                 0000ff8a   00000002  00000000  00000002  RWIX
  INT06                 0000ff8c   00000002  00000000  00000002  RWIX
  INT07                 0000ff8e   00000002  00000000  00000002  RWIX
  INT08                 0000ff90   00000002  00000000  00000002  RWIX
  INT09                 0000ff92   00000002  00000000  00000002  RWIX
  INT10                 0000ff94   00000002  00000000  00000002  RWIX
  INT11                 0000ff96   00000002  00000000  00000002  RWIX
  INT12                 0000ff98   00000002  00000000  00000002  RWIX
  INT13                 0000ff9a   00000002  00000000  00000002  RWIX
  INT14                 0000ff9c   00000002  00000000  00000002  RWIX
  INT15                 0000ff9e   00000002  00000000  00000002  RWIX
  INT16                 0000ffa0   00000002  00000000  00000002  RWIX
  INT17                 0000ffa2   00000002  00000000  00000002  RWIX
  INT18                 0000ffa4   00000002  00000000  00000002  RWIX
  INT19                 0000ffa6   00000002  00000000  00000002  RWIX
  INT20                 0000ffa8   00000002  00000000  00000002  RWIX
  INT21                 0000ffaa   00000002  00000000  00000002  RWIX
  INT22                 0000ffac   00000002  00000000  00000002  RWIX
  INT23                 0000ffae   00000002  00000000  00000002  RWIX
  INT24                 0000ffb0   00000002  00000000  00000002  RWIX
  INT25                 0000ffb2   00000002  00000000  00000002  RWIX
  INT26                 0000ffb4   00000002  00000000  00000002  RWIX
  INT27                 0000ffb6   00000002  00000000  00000002  RWIX
  INT28                 0000ffb8   00000002  00000000  00000002  RWIX
  INT29                 0000ffba   00000002  00000000  00000002  RWIX
  INT30                 0000ffbc   00000002  00000000  00000002  RWIX
  INT31                 0000ffbe   00000002  00000000  00000002  RWIX
  INT32                 0000ffc0   00000002  00000000  00000002  RWIX
  INT33                 0000ffc2   00000002  00000000  00000002  RWIX
  INT34                 0000ffc4   00000002  00000000  00000002  RWIX
  INT35                 0000ffc6   00000002  00000000  00000002  RWIX
  INT36                 0000ffc8   00000002  00000000  00000002  RWIX
  INT37                 0000ffca   00000002  00000000  00000002  RWIX
  INT38                 0000ffcc   00000002  00000000  00000002  RWIX
  INT39                 0000ffce   00000002  00000000  00000002  RWIX
  INT40                 0000ffd0   00000002  00000000  00000002  RWIX
  INT41                 0000ffd2   00000002  00000002  00000000  RWIX
  INT42                 0000ffd4   00000002  00000002  00000000  RWIX
  INT43                 0000ffd6   00000002  00000002  00000000  RWIX
  INT44                 0000ffd8   00000002  00000002  00000000  RWIX
  INT45                 0000ffda   00000002  00000002  00000000  RWIX
  INT46                 0000ffdc   00000002  00000002  00000000  RWIX
  INT47                 0000ffde   00000002  00000002  00000000  RWIX
  INT48                 0000ffe0   00000002  00000002  00000000  RWIX
  INT49                 0000ffe2   00000002  00000002  00000000  RWIX
  INT50                 0000ffe4   00000002  00000002  00000000  RWIX
  INT51                 0000ffe6   00000002  00000002  00000000  RWIX
  INT52                 0000ffe8   00000002  00000002  00000000  RWIX
  INT53                 0000ffea   00000002  00000002  00000000  RWIX
  INT54                 0000ffec   00000002  00000002  00000000  RWIX
  INT55                 0000ffee   00000002  00000002  00000000  RWIX
  INT56                 0000fff0   00000002  00000002  00000000  RWIX
  INT57                 0000fff2   00000002  00000002  00000000  RWIX
  INT58                 0000fff4   00000002  00000002  00000000  RWIX
  INT59                 0000fff6   00000002  00000002  00000000  RWIX
  INT60                 0000fff8   00000002  00000002  00000000  RWIX
  INT61                 0000fffa   00000002  00000002  00000000  RWIX
  INT62                 0000fffc   00000002  00000002  00000000  RWIX
  RESET                 0000fffe   00000002  00000002  00000000  RWIX
  FLASH2                00010000   00014400  000075ba  0000ce46  RWIX


SECTION ALLOCATION MAP

 output                                  attributes/
section   page    origin      length       input sections
--------  ----  ----------  ----------   ----------------
.bss       0    00002400    00000058     UNINITIALIZED
                  00002400    00000040     (.common:adc)
                  00002440    00000008     usci_a0_spi.obj (.bss)
                  00002448    00000008     usci_b0_i2c.obj (.bss)
                  00002450    00000008     usci_b1_spi.obj (.bss)

.data      0    00002458    0000001c     UNINITIALIZED
                  00002458    0000000f     display_value.obj (.data)
                  00002467    00000005     user.obj (.data)
                  0000246c    00000002     rts430x_lc_rd_eabi.lib : errno.c.obj (.data)
                  0000246e    00000002     usci_a0_spi.obj (.data)
                  00002470    00000002     usci_b0_i2c.obj (.data)
                  00002472    00000001     R_C_L_detect.obj (.data)
                  00002473    00000001     usci_b1_spi.obj (.data)

.stack     0    00004360    000000a0     UNINITIALIZED
                  00004360    00000004     rts430x_lc_rd_eabi.lib : boot.c.obj (.stack)
                  00004364    0000009c     --HOLE--

.text:_isr 
*          0    00004400    00000084     
                  00004400    0000001e     vector.obj (.text:_isr:USCI_B0_ISR)
                  0000441e    0000001c     vector.obj (.text:_isr:USCI_A0_ISR)
                  0000443a    0000001c     vector.obj (.text:_isr:USCI_B1_ISR)
                  00004456    0000001c     rts430x_lc_rd_eabi.lib : boot.c.obj (.text:_isr:_c_int00_noargs)
                  00004472    0000000a     vector.obj (.text:_isr:WDT_ISR)
                  0000447c    00000008     rts430x_lc_rd_eabi.lib : isr_trap.asm.obj (.text:_isr:__TI_ISR_TRAP)

.cinit     0    00007942    00000030     
                  00007942    0000000e     (.cinit..data.load) [load image, compression = lzss]
                  00007950    0000000c     (__TI_handler_table)
                  0000795c    00000006     (.cinit..bss.load) [load image, compression = zero_init]
                  00007962    00000010     (__TI_cinit_table)

.binit     0    00004400    00000000     

.init_array 
*          0    00004400    00000000     UNINITIALIZED

.const     0    00004484    000034be     
                  00004484    000017c0     fonts.obj (.const:c_chFont3216)
                  00005c44    00000be0     fonts.obj (.const:c_chFont1616)
                  00006824    000005f0     fonts.obj (.const:c_chFont1608)
                  00006e14    00000474     fonts.obj (.const:c_chFont1206)
                  00007288    00000374     user.obj (.const:.string)
                  000075fc    00000101     rts430x_lc_rd_eabi.lib : ctype.c.obj (.const:.string:_ctypes_)
                  000076fd    00000001     --HOLE-- [fill = 0]
                  000076fe    00000100     fonts.obj (.const:my_name)
                  000077fe    000000a8     R_C_L_detect.obj (.const:.string)
                  000078a6    00000036     ads1118.obj (.const:.string)
                  000078dc    00000026     rts430x_lc_rd_eabi.lib : _printfi.c.obj (.const:.string)
                  00007902    00000010                            : e_pow.c.obj (.const:bp)
                  00007912    00000010                            : e_pow.c.obj (.const:dp_h)
                  00007922    00000010                            : e_pow.c.obj (.const:dp_l)
                  00007932    00000008     display_value.obj (.const:.string)
                  0000793a    00000004     fonts.obj (.const:.string:fonts_height)
                  0000793e    00000004     fonts.obj (.const:.string:fonts_width)

RTC        0    0000ffd2    00000002     
                  0000ffd2    00000002     rts430x_lc_rd_eabi.lib : int41.asm.obj (.int41)

PORT2      0    0000ffd4    00000002     
                  0000ffd4    00000002     rts430x_lc_rd_eabi.lib : int42.asm.obj (.int42)

TIMER2_A1 
*          0    0000ffd6    00000002     
                  0000ffd6    00000002     rts430x_lc_rd_eabi.lib : int43.asm.obj (.int43)

TIMER2_A0 
*          0    0000ffd8    00000002     
                  0000ffd8    00000002     rts430x_lc_rd_eabi.lib : int44.asm.obj (.int44)

USCI_B1    0    0000ffda    00000002     
                  0000ffda    00000002     vector.obj (.int45)

USCI_A1    0    0000ffdc    00000002     
                  0000ffdc    00000002     rts430x_lc_rd_eabi.lib : int46.asm.obj (.int46)

PORT1      0    0000ffde    00000002     
                  0000ffde    00000002     rts430x_lc_rd_eabi.lib : int47.asm.obj (.int47)

TIMER1_A1 
*          0    0000ffe0    00000002     
                  0000ffe0    00000002     rts430x_lc_rd_eabi.lib : int48.asm.obj (.int48)

TIMER1_A0 
*          0    0000ffe2    00000002     
                  0000ffe2    00000002     rts430x_lc_rd_eabi.lib : int49.asm.obj (.int49)

DMA        0    0000ffe4    00000002     
                  0000ffe4    00000002     rts430x_lc_rd_eabi.lib : int50.asm.obj (.int50)

USB_UBM    0    0000ffe6    00000002     
                  0000ffe6    00000002     rts430x_lc_rd_eabi.lib : int51.asm.obj (.int51)

TIMER0_A1 
*          0    0000ffe8    00000002     
                  0000ffe8    00000002     rts430x_lc_rd_eabi.lib : int52.asm.obj (.int52)

TIMER0_A0 
*          0    0000ffea    00000002     
                  0000ffea    00000002     rts430x_lc_rd_eabi.lib : int53.asm.obj (.int53)

ADC12      0    0000ffec    00000002     
                  0000ffec    00000002     rts430x_lc_rd_eabi.lib : int54.asm.obj (.int54)

USCI_B0    0    0000ffee    00000002     
                  0000ffee    00000002     vector.obj (.int55)

USCI_A0    0    0000fff0    00000002     
                  0000fff0    00000002     vector.obj (.int56)

WDT        0    0000fff2    00000002     
                  0000fff2    00000002     vector.obj (.int57)

TIMER0_B1 
*          0    0000fff4    00000002     
                  0000fff4    00000002     rts430x_lc_rd_eabi.lib : int58.asm.obj (.int58)

TIMER0_B0 
*          0    0000fff6    00000002     
                  0000fff6    00000002     rts430x_lc_rd_eabi.lib : int59.asm.obj (.int59)

COMP_B     0    0000fff8    00000002     
                  0000fff8    00000002     rts430x_lc_rd_eabi.lib : int60.asm.obj (.int60)

UNMI       0    0000fffa    00000002     
                  0000fffa    00000002     rts430x_lc_rd_eabi.lib : int61.asm.obj (.int61)

SYSNMI     0    0000fffc    00000002     
                  0000fffc    00000002     rts430x_lc_rd_eabi.lib : int62.asm.obj (.int62)

.reset     0    0000fffe    00000002     
                  0000fffe    00000002     rts430x_lc_rd_eabi.lib : boot.c.obj (.reset)

.text      0    00010000    000075ba     
                  00010000    00001148     rts430x_lc_rd_eabi.lib : e_pow.c.obj (.text:pow)
                  00011148    0000094e     user.obj (.text:key_dect)
                  00011a96    00000498     R_C_L_detect.obj (.text:R_C_L_detect)
                  00011f2e    00000466     rts430x_lc_rd_eabi.lib : frcdivd.c.obj (.text:__TI_frcdivd)
                  00012394    000003e0     R_C_L_detect.obj (.text:net_detect)
                  00012774    0000034e     rts430x_lc_rd_eabi.lib : div64u.c.obj (.text:__mspabi_divull)
                  00012ac2    000002e0                            : addd.c.obj (.text:__mspabi_addd)
                  00012da2    000002de                            : e_sqrt.c.obj (.text:sqrt)
                  00013080    000002a6                            : _printfi.c.obj (.text:__TI_printfi)
                  00013326    00000280                            : frcmpyd.c.obj (.text:__TI_frcmpyd)
                  000135a6    0000027c     ssd1351.obj (.text:ssd1351_set_gray_scale_table)
                  00013822    0000027a     rts430x_lc_rd_eabi.lib : _printfi.c.obj (.text:_setfield)
                  00013a9c    00000268                            : _printfi.c.obj (.text:_pproc_fgea)
                  00013d04    00000266                            : mpyd.c.obj (.text:__mspabi_mpyd)
                  00013f6a    00000248                            : frcaddd.c.obj (.text:__TI_frcaddd)
                  000141b2    00000224                            : _printfi.c.obj (.text:acvt)
                  000143d6    00000222                            : divd.c.obj (.text:__mspabi_divd)
                  000145f8    0000020c                            : _printfi.c.obj (.text:_getarg_diouxp)
                  00014804    000001e8     ads1118.obj (.text:ADS1118)
                  000149ec    000001e6     rts430x_lc_rd_eabi.lib : _printfi.c.obj (.text:ecvt)
                  00014bd2    000001cc     ssd1351.obj (.text:ssd1351_init)
                  00014d9e    000001c8     rts430x_lc_rd_eabi.lib : _printfi.c.obj (.text:fcvt)
                  00014f66    000001a2                            : _printfi.c.obj (.text:_pconv_e)
                  00015108    00000170                            : _printfi.c.obj (.text:_pconv_a)
                  00015278    0000015a                            : s_scalbn.c.obj (.text:scalbn)
                  000153d2    00000148                            : _printfi.c.obj (.text:_pproc_diouxp)
                  0001551a    00000132     ads1118.obj (.text:display_l)
                  0001564c    00000132     ads1118.obj (.text:display_res)
                  0001577e    00000132     rts430x_lc_rd_eabi.lib : fs_add.asm.obj (.text)
                  000158b0    00000128                            : _printfi.c.obj (.text:_ltostr)
                  000159d8    00000128     ssd1351.obj (.text:ssd1351_display_char)
                  00015b00    00000122     display_value.obj (.text:display_value)
                  00015c22    000000fc     rts430x_lc_rd_eabi.lib : _printfi.c.obj (.text:_pconv_g)
                  00015d1e    000000ea                            : _printfi.c.obj (.text:_pproc_fwp)
                  00015e08    000000d8                            : cmpd.c.obj (.text:__mspabi_cmpd)
                  00015ee0    000000d8     ads1118.obj (.text:display_cap)
                  00015fb8    000000c8     rts430x_lc_rd_eabi.lib : _printfi.c.obj (.text:_pproc_wstr)
                  00016080    000000b8                            : fs_mpy.asm.obj (.text)
                  00016138    000000b6     ads1118.obj (.text:average_voltage_caculate)
                  000161ee    000000b2     rts430x_lc_rd_eabi.lib : renormd.c.obj (.text:__TI_renormd)
                  000162a0    000000a6                            : _printfi.c.obj (.text:_pproc_str)
                  00016346    000000a6                            : s_frexp.c.obj (.text:frexp)
                  000163ec    0000009e                            : fltlid.c.obj (.text:__mspabi_fltlid)
                  0001648a    00000098     ssd1351.obj (.text:dislay_topic)
                  00016522    00000094     ssd1351.obj (.text:ssd1351_draw_h_line)
                  000165b6    00000090     rts430x_lc_rd_eabi.lib : _printfi.c.obj (.text:_ecpy)
                  00016646    00000090                            : _printfi.c.obj (.text:_mcpy)
                  000166d6    00000090                            : fs_div.asm.obj (.text)
                  00016766    0000008c                            : cvtdf.c.obj (.text:__mspabi_cvtdf)
                  000167f2    0000008a     ssd1351.obj (.text:ssd1351_display_string)
                  0001687c    00000080     rts430x_lc_rd_eabi.lib : _ltoa.c.obj (.text:__TI_ltoa)
                  000168fc    00000078                            : _printfi.c.obj (.text:_pconv_f)
                  00016974    00000078     ssd1351.obj (.text:ssd1351_clear_gram)
                  000169ec    00000076     rts430x_lc_rd_eabi.lib : copy_decompress_lzss.c.obj (.text:decompress:lzss:__TI_decompress_lzss)
                  00016a62    00000070     ssd1351.obj (.text:Display_Chinese)
                  00016ad2    0000006c     ssd1351.obj (.text:ssd1351_draw_point)
                  00016b3e    00000066     rts430x_lc_rd_eabi.lib : fixdli.c.obj (.text:__mspabi_fixdli)
                  00016ba4    00000064                            : cvtfd.c.obj (.text:__mspabi_cvtfd)
                  00016c08    00000062                            : atoi.c.obj (.text:atoi)
                  00016c6a    00000060     ucs.obj (.text:ucs_init)
                  00016cca    00000058     rts430x_lc_rd_eabi.lib : div32u.asm.obj (.text)
                  00016d22    00000054                            : autoinit.c.obj (.text:__TI_auto_init_nobinit_nopinit_hold_wdt:__TI_auto_init_nobinit_nopinit_hold_wdt)
                  00016d76    00000052     user.obj (.text:mode_choose_interface)
                  00016dc8    0000004e     rts430x_lc_rd_eabi.lib : _printfi.c.obj (.text:_fcpy)
                  00016e16    0000004e     ucs.obj (.text:set_vcore_up)
                  00016e64    0000004a     rts430x_lc_rd_eabi.lib : fs_cmp.asm.obj (.text)
                  00016eae    00000044                            : sprintf.c.obj (.text:sprintf)
                  00016ef2    00000040     ads1118.obj (.text:ADS_Read)
                  00016f32    00000040     rts430x_lc_rd_eabi.lib : div32s.asm.obj (.text)
                  00016f72    0000003e                            : asr32.asm.obj (.text:l_asr_const)
                  00016fb0    0000003e                            : lsl32.asm.obj (.text:l_lsl_const)
                  00016fee    0000003e                            : lsr32.asm.obj (.text:l_lsr_const)
                  0001702c    0000003a                            : lsl64.c.obj (.text:__mspabi_sllll)
                  00017066    0000003a                            : lsr64.c.obj (.text:__mspabi_srlll)
                  000170a0    00000038     usci_a0_spi.obj (.text:usci_a0_spi_transmit_frame)
                  000170d8    00000036     ads1118.obj (.text:WriteSPI)
                  0001710e    00000036     rts430x_lc_rd_eabi.lib : fs_itof.asm.obj (.text)
                  00017144    00000034     usci_a0_spi.obj (.text:usci_a0_spi_init)
                  00017178    00000032     rts430x_lc_rd_eabi.lib : subd.c.obj (.text:__mspabi_subd)
                  000171aa    00000030     ssd1351.obj (.text:ssd1351_write_byte)
                  000171da    00000030     usci_b0_i2c.obj (.text:usci_b0_i2c_rx_isr_handle)
                  0001720a    0000002e     rts430x_lc_rd_eabi.lib : negd.c.obj (.text:__mspabi_negd)
                  00017238    0000002e                            : s_copysign.c.obj (.text:copysign)
                  00017266    0000002a     usci_a0_spi.obj (.text:usci_a0_spi_rx_isr_handle)
                  00017290    00000028     rts430x_lc_rd_eabi.lib : fixdi.c.obj (.text:__mspabi_fixdi)
                  000172b8    00000028     usci_b0_i2c.obj (.text:usci_b0_i2c_tx_isr_handle)
                  000172e0    00000026     rts430x_lc_rd_eabi.lib : memccpy.c.obj (.text:memccpy)
                  00017306    00000024                            : copy_zero_init.c.obj (.text:decompress:ZI:__TI_zero_init_nomemset:__TI_zero_init_nomemset)
                  0001732a    00000024     main.obj (.text:main)
                  0001734e    00000024     rts430x_lc_rd_eabi.lib : fs_utof.asm.obj (.text)
                  00017372    00000024                            : mult32_f5hw.asm.obj (.text)
                  00017396    00000024     usci_a0_spi.obj (.text:usci_a0_spi_tx_isr_handle)
                  000173ba    00000022     usci_b1_spi.obj (.text:usci_b1_spi_tx_isr_handle)
                  000173dc    00000020     rts430x_lc_rd_eabi.lib : sprintf.c.obj (.text:_outs)
                  000173fc    00000020     main.obj (.text:io_init)
                  0001741c    0000001c     rts430x_lc_rd_eabi.lib : strchr.c.obj (.text:strchr)
                  00017438    0000001a     usci_b1_spi.obj (.text:usci_b1_spi_rx_isr_handle)
                  00017452    00000018     ads1118.obj (.text:ADS1118_Config)
                  0001746a    00000018     rts430x_lc_rd_eabi.lib : mult16_f5hw.asm.obj (.text)
                  00017482    00000016                            : memset.c.obj (.text:memset)
                  00017498    00000016                            : div16u.asm.obj (.text)
                  000174ae    00000016                            : wcslen.c.obj (.text:wcslen)
                  000174c4    00000014                            : sprintf.c.obj (.text:_outc)
                  000174d8    00000014                            : memcpy.c.obj (.text:memcpy)
                  000174ec    00000012     ads1118.obj (.text:ADS1118_Init)
                  000174fe    00000012     rts430x_lc_rd_eabi.lib : copy_decompress_none.c.obj (.text:decompress:none:__TI_decompress_none)
                  00017510    00000012                            : toupper.c.obj (.text:toupper)
                  00017522    00000010                            : asr32.asm.obj (.text:l_asr)
                  00017532    00000010                            : lsl32.asm.obj (.text:l_lsl)
                  00017542    00000010                            : lsr32.asm.obj (.text:l_lsr)
                  00017552    0000000e     init.obj (.text:device_init)
                  00017560    0000000e     rts430x_lc_rd_eabi.lib : strlen.c.obj (.text:strlen)
                  0001756e    0000000c                            : fltid.c.obj (.text:__mspabi_fltid)
                  0001757a    0000000c     wdt.obj (.text:wdt_init)
                  00017586    0000000a     rts430x_lc_rd_eabi.lib : abs.c.obj (.text:abs)
                  00017590    0000000a     init.obj (.text:driver_init)
                  0001759a    0000000a     rts430x_lc_rd_eabi.lib : fs_neg.asm.obj (.text)
                  000175a4    0000000a     user.obj (.text:user_init)
                  000175ae    00000006     rts430x_lc_rd_eabi.lib : exit.c.obj (.text:abort)
                  000175b4    00000004                            : pre_init.c.obj (.text:_system_pre_init)
                  000175b8    00000002                            : startup.c.obj (.text:_system_post_cinit)

MODULE SUMMARY

       Module                       code    ro data   rw data
       ------                       ----    -------   -------
    .\src\
       vector.obj                   96      8         0      
       main.obj                     68      0         0      
    +--+----------------------------+-------+---------+---------+
       Total:                       164     8         0      
                                                             
    .\src\device\
       usci_a0_spi.obj              186     0         10     
       ucs.obj                      174     0         0      
       usci_b0_i2c.obj              88      0         10     
       usci_b1_spi.obj              60      0         9      
       wdt.obj                      12      0         0      
    +--+----------------------------+-------+---------+---------+
       Total:                       520     0         29     
                                                             
    .\src\driver\
       ssd1351.obj                  2218    0         0      
       ads1118.obj                  1658    54        0      
    +--+----------------------------+-------+---------+---------+
       Total:                       3876    54        0      
                                                             
    .\src\system\
       fonts.obj                    0       12044     0      
       user.obj                     2474    884       69     
       init.obj                     24      0         0      
    +--+----------------------------+-------+---------+---------+
       Total:                       2498    12928     69     
                                                             
    .\src\user\
       R_C_L_detect.obj             2168    168       1      
       display_value.obj            290     8         15     
    +--+----------------------------+-------+---------+---------+
       Total:                       2458    176       16     
                                                             
    C:\ti\ccs1010\ccs\tools\compiler\ti-cgt-msp430_20.2.1.LTS\lib\rts430x_lc_rd_eabi.lib
       _printfi.c.obj               6690    38        0      
       e_pow.c.obj                  4424    48        0      
       frcdivd.c.obj                1126    0         0      
       div64u.c.obj                 846     0         0      
       addd.c.obj                   736     0         0      
       e_sqrt.c.obj                 734     0         0      
       frcmpyd.c.obj                640     0         0      
       mpyd.c.obj                   614     0         0      
       frcaddd.c.obj                584     0         0      
       divd.c.obj                   546     0         0      
       s_scalbn.c.obj               346     0         0      
       fs_add.asm.obj               306     0         0      
       ctype.c.obj                  0       257       0      
       cmpd.c.obj                   216     0         0      
       fs_mpy.asm.obj               184     0         0      
       renormd.c.obj                178     0         0      
       s_frexp.c.obj                166     0         0      
       fltlid.c.obj                 158     0         0      
       fs_div.asm.obj               144     0         0      
       cvtdf.c.obj                  140     0         0      
       _ltoa.c.obj                  128     0         0      
       sprintf.c.obj                120     0         0      
       copy_decompress_lzss.c.obj   118     0         0      
       fixdli.c.obj                 102     0         0      
       cvtfd.c.obj                  100     0         0      
       atoi.c.obj                   98      0         0      
       div32u.asm.obj               88      0         0      
       autoinit.c.obj               84      0         0      
       asr32.asm.obj                78      0         0      
       lsl32.asm.obj                78      0         0      
       lsr32.asm.obj                78      0         0      
       fs_cmp.asm.obj               74      0         0      
       div32s.asm.obj               64      0         0      
       lsl64.c.obj                  58      0         0      
       lsr64.c.obj                  58      0         0      
       fs_itof.asm.obj              54      0         0      
       subd.c.obj                   50      0         0      
       negd.c.obj                   46      0         0      
       s_copysign.c.obj             46      0         0      
       fixdi.c.obj                  40      0         0      
       memccpy.c.obj                38      0         0      
       copy_zero_init.c.obj         36      0         0      
       fs_utof.asm.obj              36      0         0      
       mult32_f5hw.asm.obj          36      0         0      
       boot.c.obj                   28      2         0      
       strchr.c.obj                 28      0         0      
       mult16_f5hw.asm.obj          24      0         0      
       div16u.asm.obj               22      0         0      
       memset.c.obj                 22      0         0      
       wcslen.c.obj                 22      0         0      
       memcpy.c.obj                 20      0         0      
       copy_decompress_none.c.obj   18      0         0      
       toupper.c.obj                18      0         0      
       strlen.c.obj                 14      0         0      
       fltid.c.obj                  12      0         0      
       abs.c.obj                    10      0         0      
       fs_neg.asm.obj               10      0         0      
       isr_trap.asm.obj             8       0         0      
       exit.c.obj                   6       0         0      
       pre_init.c.obj               4       0         0      
       errno.c.obj                  0       0         2      
       int41.asm.obj                0       2         0      
       int42.asm.obj                0       2         0      
       int43.asm.obj                0       2         0      
       int44.asm.obj                0       2         0      
       int46.asm.obj                0       2         0      
       int47.asm.obj                0       2         0      
       int48.asm.obj                0       2         0      
       int49.asm.obj                0       2         0      
       int50.asm.obj                0       2         0      
       int51.asm.obj                0       2         0      
       int52.asm.obj                0       2         0      
       int53.asm.obj                0       2         0      
       int54.asm.obj                0       2         0      
       int58.asm.obj                0       2         0      
       int59.asm.obj                0       2         0      
       int60.asm.obj                0       2         0      
       int61.asm.obj                0       2         0      
       int62.asm.obj                0       2         0      
       startup.c.obj                2       0         0      
    +--+----------------------------+-------+---------+---------+
       Total:                       20754   381       2      
                                                             
       Stack:                       0       0         160    
       Linker Generated:            0       48        0      
    +--+----------------------------+-------+---------+---------+
       Grand Total:                 30270   13595     276    


LINKER GENERATED COPY TABLES

__TI_cinit_table @ 00007962 records: 2, size/record: 8, table size: 16
	.data: load addr=00007942, load size=0000000e bytes, run addr=00002458, run size=0000001c bytes, compression=lzss
	.bss: load addr=0000795c, load size=00000006 bytes, run addr=00002400, run size=00000058 bytes, compression=zero_init


LINKER GENERATED HANDLER TABLE

__TI_handler_table @ 00007950 records: 3, size/record: 4, table size: 12
	index: 0, handler: __TI_zero_init
	index: 1, handler: __TI_decompress_lzss
	index: 2, handler: __TI_decompress_none


GLOBAL SYMBOLS: SORTED ALPHABETICALLY BY Name 

address   name                                   
-------   ----                                   
00000700  ADC12CTL0                              
00000701  ADC12CTL0_H                            
00000700  ADC12CTL0_L                            
00000702  ADC12CTL1                              
00000703  ADC12CTL1_H                            
00000702  ADC12CTL1_L                            
00000704  ADC12CTL2                              
00000705  ADC12CTL2_H                            
00000704  ADC12CTL2_L                            
0000070c  ADC12IE                                
0000070d  ADC12IE_H                              
0000070c  ADC12IE_L                              
0000070a  ADC12IFG                               
0000070b  ADC12IFG_H                             
0000070a  ADC12IFG_L                             
0000070e  ADC12IV                                
0000070f  ADC12IV_H                              
0000070e  ADC12IV_L                              
00000710  ADC12MCTL0                             
00000711  ADC12MCTL1                             
0000071a  ADC12MCTL10                            
0000071b  ADC12MCTL11                            
0000071c  ADC12MCTL12                            
0000071d  ADC12MCTL13                            
0000071e  ADC12MCTL14                            
0000071f  ADC12MCTL15                            
00000712  ADC12MCTL2                             
00000713  ADC12MCTL3                             
00000714  ADC12MCTL4                             
00000715  ADC12MCTL5                             
00000716  ADC12MCTL6                             
00000717  ADC12MCTL7                             
00000718  ADC12MCTL8                             
00000719  ADC12MCTL9                             
00000720  ADC12MEM0                              
00000721  ADC12MEM0_H                            
00000720  ADC12MEM0_L                            
00000722  ADC12MEM1                              
00000734  ADC12MEM10                             
00000735  ADC12MEM10_H                           
00000734  ADC12MEM10_L                           
00000736  ADC12MEM11                             
00000737  ADC12MEM11_H                           
00000736  ADC12MEM11_L                           
00000738  ADC12MEM12                             
00000739  ADC12MEM12_H                           
00000738  ADC12MEM12_L                           
0000073a  ADC12MEM13                             
0000073b  ADC12MEM13_H                           
0000073a  ADC12MEM13_L                           
0000073c  ADC12MEM14                             
0000073d  ADC12MEM14_H                           
0000073c  ADC12MEM14_L                           
0000073e  ADC12MEM15                             
0000073f  ADC12MEM15_H                           
0000073e  ADC12MEM15_L                           
00000723  ADC12MEM1_H                            
00000722  ADC12MEM1_L                            
00000724  ADC12MEM2                              
00000725  ADC12MEM2_H                            
00000724  ADC12MEM2_L                            
00000726  ADC12MEM3                              
00000727  ADC12MEM3_H                            
00000726  ADC12MEM3_L                            
00000728  ADC12MEM4                              
00000729  ADC12MEM4_H                            
00000728  ADC12MEM4_L                            
0000072a  ADC12MEM5                              
0000072b  ADC12MEM5_H                            
0000072a  ADC12MEM5_L                            
0000072c  ADC12MEM6                              
0000072d  ADC12MEM6_H                            
0000072c  ADC12MEM6_L                            
0000072e  ADC12MEM7                              
0000072f  ADC12MEM7_H                            
0000072e  ADC12MEM7_L                            
00000730  ADC12MEM8                              
00000731  ADC12MEM8_H                            
00000730  ADC12MEM8_L                            
00000732  ADC12MEM9                              
00000733  ADC12MEM9_H                            
00000732  ADC12MEM9_L                            
00014804  ADS1118                                
00017452  ADS1118_Config                         
000174ec  ADS1118_Init                           
00016ef2  ADS_Read                               
000175ae  C$$EXIT                                
000008c0  CBCTL0                                 
000008c1  CBCTL0_H                               
000008c0  CBCTL0_L                               
000008c2  CBCTL1                                 
000008c3  CBCTL1_H                               
000008c2  CBCTL1_L                               
000008c4  CBCTL2                                 
000008c5  CBCTL2_H                               
000008c4  CBCTL2_L                               
000008c6  CBCTL3                                 
000008c7  CBCTL3_H                               
000008c6  CBCTL3_L                               
000008cc  CBINT                                  
000008cd  CBINT_H                                
000008cc  CBINT_L                                
000008ce  CBIV                                   
00000150  CRCDI                                  
00000152  CRCDIRB                                
00000153  CRCDIRB_H                              
00000152  CRCDIRB_L                              
00000151  CRCDI_H                                
00000150  CRCDI_L                                
00000154  CRCINIRES                              
00000155  CRCINIRES_H                            
00000154  CRCINIRES_L                            
00000156  CRCRESR                                
00000157  CRCRESR_H                              
00000156  CRCRESR_L                              
00000510  DMA0CTL                                
00000516  DMA0DA                                 
00000518  DMA0DAH                                
00000516  DMA0DAL                                
00000512  DMA0SA                                 
00000514  DMA0SAH                                
00000512  DMA0SAL                                
0000051a  DMA0SZ                                 
00000520  DMA1CTL                                
00000526  DMA1DA                                 
00000528  DMA1DAH                                
00000526  DMA1DAL                                
00000522  DMA1SA                                 
00000524  DMA1SAH                                
00000522  DMA1SAL                                
0000052a  DMA1SZ                                 
00000530  DMA2CTL                                
00000536  DMA2DA                                 
00000538  DMA2DAH                                
00000536  DMA2DAL                                
00000532  DMA2SA                                 
00000534  DMA2SAH                                
00000532  DMA2SAL                                
0000053a  DMA2SZ                                 
00000500  DMACTL0                                
00000502  DMACTL1                                
00000504  DMACTL2                                
00000506  DMACTL3                                
00000508  DMACTL4                                
0000050e  DMAIV                                  
00016a62  Display_Chinese                        
00000140  FCTL1                                  
00000141  FCTL1_H                                
00000140  FCTL1_L                                
00000144  FCTL3                                  
00000145  FCTL3_H                                
00000144  FCTL3_L                                
00000146  FCTL4                                  
00000147  FCTL4_H                                
00000146  FCTL4_L                                
000004c4  MAC                                    
000004da  MAC32H                                 
000004db  MAC32H_H                               
000004da  MAC32H_L                               
000004d8  MAC32L                                 
000004d9  MAC32L_H                               
000004d8  MAC32L_L                               
000004c6  MACS                                   
000004de  MACS32H                                
000004df  MACS32H_H                              
000004de  MACS32H_L                              
000004dc  MACS32L                                
000004dd  MACS32L_H                              
000004dc  MACS32L_L                              
000004c7  MACS_H                                 
000004c6  MACS_L                                 
000004c5  MAC_H                                  
000004c4  MAC_L                                  
000004c0  MPY                                    
000004ec  MPY32CTL0                              
000004ed  MPY32CTL0_H                            
000004ec  MPY32CTL0_L                            
000004d2  MPY32H                                 
000004d3  MPY32H_H                               
000004d2  MPY32H_L                               
000004d0  MPY32L                                 
000004d1  MPY32L_H                               
000004d0  MPY32L_L                               
000004c2  MPYS                                   
000004d6  MPYS32H                                
000004d7  MPYS32H_H                              
000004d6  MPYS32H_L                              
000004d4  MPYS32L                                
000004d5  MPYS32L_H                              
000004d4  MPYS32L_L                              
000004c3  MPYS_H                                 
000004c2  MPYS_L                                 
000004c1  MPY_H                                  
000004c0  MPY_L                                  
000004c8  OP2                                    
000004e2  OP2H                                   
000004e3  OP2H_H                                 
000004e2  OP2H_L                                 
000004e0  OP2L                                   
000004e1  OP2L_H                                 
000004e0  OP2L_L                                 
000004c9  OP2_H                                  
000004c8  OP2_L                                  
0000020e  P1IV                                   
0000021e  P2IV                                   
000001e0  P4MAP01                                
000001e1  P4MAP01_H                              
000001e0  P4MAP01_L                              
000001e2  P4MAP23                                
000001e3  P4MAP23_H                              
000001e2  P4MAP23_L                              
000001e4  P4MAP45                                
000001e5  P4MAP45_H                              
000001e4  P4MAP45_L                              
000001e6  P4MAP67                                
000001e7  P4MAP67_H                              
000001e6  P4MAP67_L                              
00000204  PADIR                                  
00000205  PADIR_H                                
00000204  PADIR_L                                
00000208  PADS                                   
00000209  PADS_H                                 
00000208  PADS_L                                 
0000021a  PAIE                                   
00000218  PAIES                                  
00000219  PAIES_H                                
00000218  PAIES_L                                
0000021b  PAIE_H                                 
0000021a  PAIE_L                                 
0000021c  PAIFG                                  
0000021d  PAIFG_H                                
0000021c  PAIFG_L                                
00000200  PAIN                                   
00000201  PAIN_H                                 
00000200  PAIN_L                                 
00000202  PAOUT                                  
00000203  PAOUT_H                                
00000202  PAOUT_L                                
00000206  PAREN                                  
00000207  PAREN_H                                
00000206  PAREN_L                                
0000020a  PASEL                                  
0000020b  PASEL_H                                
0000020a  PASEL_L                                
00000224  PBDIR                                  
00000225  PBDIR_H                                
00000224  PBDIR_L                                
00000228  PBDS                                   
00000229  PBDS_H                                 
00000228  PBDS_L                                 
00000220  PBIN                                   
00000221  PBIN_H                                 
00000220  PBIN_L                                 
00000222  PBOUT                                  
00000223  PBOUT_H                                
00000222  PBOUT_L                                
00000226  PBREN                                  
00000227  PBREN_H                                
00000226  PBREN_L                                
0000022a  PBSEL                                  
0000022b  PBSEL_H                                
0000022a  PBSEL_L                                
00000244  PCDIR                                  
00000245  PCDIR_H                                
00000244  PCDIR_L                                
00000248  PCDS                                   
00000249  PCDS_H                                 
00000248  PCDS_L                                 
00000240  PCIN                                   
00000241  PCIN_H                                 
00000240  PCIN_L                                 
00000242  PCOUT                                  
00000243  PCOUT_H                                
00000242  PCOUT_L                                
00000246  PCREN                                  
00000247  PCREN_H                                
00000246  PCREN_L                                
0000024a  PCSEL                                  
0000024b  PCSEL_H                                
0000024a  PCSEL_L                                
00000264  PDDIR                                  
00000265  PDDIR_H                                
00000264  PDDIR_L                                
00000268  PDDS                                   
00000269  PDDS_H                                 
00000268  PDDS_L                                 
00000260  PDIN                                   
00000261  PDIN_H                                 
00000260  PDIN_L                                 
00000262  PDOUT                                  
00000263  PDOUT_H                                
00000262  PDOUT_L                                
00000266  PDREN                                  
00000267  PDREN_H                                
00000266  PDREN_L                                
0000026a  PDSEL                                  
0000026b  PDSEL_H                                
0000026a  PDSEL_L                                
00000324  PJDIR                                  
00000325  PJDIR_H                                
00000324  PJDIR_L                                
00000328  PJDS                                   
00000329  PJDS_H                                 
00000328  PJDS_L                                 
00000320  PJIN                                   
00000321  PJIN_H                                 
00000320  PJIN_L                                 
00000322  PJOUT                                  
00000323  PJOUT_H                                
00000322  PJOUT_L                                
00000326  PJREN                                  
00000327  PJREN_H                                
00000326  PJREN_L                                
00000130  PM5CTL0                                
00000131  PM5CTL0_H                              
00000130  PM5CTL0_L                              
000001c2  PMAPCTL                                
000001c3  PMAPCTL_H                              
000001c2  PMAPCTL_L                              
000001c0  PMAPKEYID                              
000001c1  PMAPKEYID_H                            
000001c0  PMAPKEYID_L                            
00000120  PMMCTL0                                
00000121  PMMCTL0_H                              
00000120  PMMCTL0_L                              
00000122  PMMCTL1                                
00000123  PMMCTL1_H                              
00000122  PMMCTL1_L                              
0000012c  PMMIFG                                 
0000012d  PMMIFG_H                               
0000012c  PMMIFG_L                               
0000012e  PMMRIE                                 
0000012f  PMMRIE_H                               
0000012e  PMMRIE_L                               
00000158  RCCTL0                                 
00000159  RCCTL0_H                               
00000158  RCCTL0_L                               
000001b0  REFCTL0                                
000001b1  REFCTL0_H                              
000001b0  REFCTL0_L                              
000004e4  RES0                                   
000004e5  RES0_H                                 
000004e4  RES0_L                                 
000004e6  RES1                                   
000004e7  RES1_H                                 
000004e6  RES1_L                                 
000004e8  RES2                                   
000004e9  RES2_H                                 
000004e8  RES2_L                                 
000004ea  RES3                                   
000004eb  RES3_H                                 
000004ea  RES3_L                                 
000004cc  RESHI                                  
000004cd  RESHI_H                                
000004cc  RESHI_L                                
000004ca  RESLO                                  
000004cb  RESLO_H                                
000004ca  RESLO_L                                
000004ba  RTCADOWDAY                             
000004bb  RTCADOWDAY_H                           
000004ba  RTCADOWDAY_L                           
000004b8  RTCAMINHR                              
000004b9  RTCAMINHR_H                            
000004b8  RTCAMINHR_L                            
000004a0  RTCCTL01                               
000004a1  RTCCTL01_H                             
000004a0  RTCCTL01_L                             
000004a2  RTCCTL23                               
000004a3  RTCCTL23_H                             
000004a2  RTCCTL23_L                             
000004b4  RTCDATE                                
000004b5  RTCDATE_H                              
000004b4  RTCDATE_L                              
000004ae  RTCIV                                  
000004ac  RTCPS                                  
000004a8  RTCPS0CTL                              
000004a9  RTCPS0CTL_H                            
000004a8  RTCPS0CTL_L                            
000004aa  RTCPS1CTL                              
000004ab  RTCPS1CTL_H                            
000004aa  RTCPS1CTL_L                            
000004ad  RTCPS_H                                
000004ac  RTCPS_L                                
000004b0  RTCTIM0                                
000004b1  RTCTIM0_H                              
000004b0  RTCTIM0_L                              
000004b2  RTCTIM1                                
000004b3  RTCTIM1_H                              
000004b2  RTCTIM1_L                              
000004b6  RTCYEAR                                
000004b7  RTCYEAR_H                              
000004b6  RTCYEAR_L                              
00011a96  R_C_L_detect                           
00000100  SFRIE1                                 
00000101  SFRIE1_H                               
00000100  SFRIE1_L                               
00000102  SFRIFG1                                
00000103  SFRIFG1_H                              
00000102  SFRIFG1_L                              
00000104  SFRRPCR                                
00000105  SFRRPCR_H                              
00000104  SFRRPCR_L                              
000004ce  SUMEXT                                 
000004cf  SUMEXT_H                               
000004ce  SUMEXT_L                               
00000124  SVSMHCTL                               
00000125  SVSMHCTL_H                             
00000124  SVSMHCTL_L                             
00000128  SVSMIO                                 
00000129  SVSMIO_H                               
00000128  SVSMIO_L                               
00000126  SVSMLCTL                               
00000127  SVSMLCTL_H                             
00000126  SVSMLCTL_L                             
00000198  SYSBERRIV                              
00000199  SYSBERRIV_H                            
00000198  SYSBERRIV_L                            
00000182  SYSBSLC                                
00000183  SYSBSLC_H                              
00000182  SYSBSLC_L                              
00000180  SYSCTL                                 
00000181  SYSCTL_H                               
00000180  SYSCTL_L                               
00000186  SYSJMBC                                
00000187  SYSJMBC_H                              
00000186  SYSJMBC_L                              
00000188  SYSJMBI0                               
00000189  SYSJMBI0_H                             
00000188  SYSJMBI0_L                             
0000018a  SYSJMBI1                               
0000018b  SYSJMBI1_H                             
0000018a  SYSJMBI1_L                             
0000018c  SYSJMBO0                               
0000018d  SYSJMBO0_H                             
0000018c  SYSJMBO0_L                             
0000018e  SYSJMBO1                               
0000018f  SYSJMBO1_H                             
0000018e  SYSJMBO1_L                             
0000019e  SYSRSTIV                               
0000019f  SYSRSTIV_H                             
0000019e  SYSRSTIV_L                             
0000019c  SYSSNIV                                
0000019d  SYSSNIV_H                              
0000019c  SYSSNIV_L                              
0000019a  SYSUNIV                                
0000019b  SYSUNIV_H                              
0000019a  SYSUNIV_L                              
00000352  TA0CCR0                                
00000354  TA0CCR1                                
00000356  TA0CCR2                                
00000358  TA0CCR3                                
0000035a  TA0CCR4                                
00000342  TA0CCTL0                               
00000344  TA0CCTL1                               
00000346  TA0CCTL2                               
00000348  TA0CCTL3                               
0000034a  TA0CCTL4                               
00000340  TA0CTL                                 
00000360  TA0EX0                                 
0000036e  TA0IV                                  
00000350  TA0R                                   
00000392  TA1CCR0                                
00000394  TA1CCR1                                
00000396  TA1CCR2                                
00000382  TA1CCTL0                               
00000384  TA1CCTL1                               
00000386  TA1CCTL2                               
00000380  TA1CTL                                 
000003a0  TA1EX0                                 
000003ae  TA1IV                                  
00000390  TA1R                                   
00000412  TA2CCR0                                
00000414  TA2CCR1                                
00000416  TA2CCR2                                
00000402  TA2CCTL0                               
00000404  TA2CCTL1                               
00000406  TA2CCTL2                               
00000400  TA2CTL                                 
00000420  TA2EX0                                 
0000042e  TA2IV                                  
00000410  TA2R                                   
000003d2  TB0CCR0                                
000003d4  TB0CCR1                                
000003d6  TB0CCR2                                
000003d8  TB0CCR3                                
000003da  TB0CCR4                                
000003dc  TB0CCR5                                
000003de  TB0CCR6                                
000003c2  TB0CCTL0                               
000003c4  TB0CCTL1                               
000003c6  TB0CCTL2                               
000003c8  TB0CCTL3                               
000003ca  TB0CCTL4                               
000003cc  TB0CCTL5                               
000003ce  TB0CCTL6                               
000003c0  TB0CTL                                 
000003e0  TB0EX0                                 
000003ee  TB0IV                                  
000003d0  TB0R                                   
000005d0  UCA0ABCTL                              
000005c6  UCA0BRW                                
000005c7  UCA0BRW_H                              
000005c6  UCA0BRW_L                              
000005c0  UCA0CTLW0                              
000005c1  UCA0CTLW0_H                            
000005c0  UCA0CTLW0_L                            
000005dc  UCA0ICTL                               
000005dd  UCA0ICTL_H                             
000005dc  UCA0ICTL_L                             
000005d2  UCA0IRCTL                              
000005d3  UCA0IRCTL_H                            
000005d2  UCA0IRCTL_L                            
000005de  UCA0IV                                 
000005c8  UCA0MCTL                               
000005cc  UCA0RXBUF                              
000005ca  UCA0STAT                               
000005ce  UCA0TXBUF                              
00000610  UCA1ABCTL                              
00000606  UCA1BRW                                
00000607  UCA1BRW_H                              
00000606  UCA1BRW_L                              
00000600  UCA1CTLW0                              
00000601  UCA1CTLW0_H                            
00000600  UCA1CTLW0_L                            
0000061c  UCA1ICTL                               
0000061d  UCA1ICTL_H                             
0000061c  UCA1ICTL_L                             
00000612  UCA1IRCTL                              
00000613  UCA1IRCTL_H                            
00000612  UCA1IRCTL_L                            
0000061e  UCA1IV                                 
00000608  UCA1MCTL                               
0000060c  UCA1RXBUF                              
0000060a  UCA1STAT                               
0000060e  UCA1TXBUF                              
000005e6  UCB0BRW                                
000005e7  UCB0BRW_H                              
000005e6  UCB0BRW_L                              
000005e0  UCB0CTLW0                              
000005e1  UCB0CTLW0_H                            
000005e0  UCB0CTLW0_L                            
000005f0  UCB0I2COA                              
000005f1  UCB0I2COA_H                            
000005f0  UCB0I2COA_L                            
000005f2  UCB0I2CSA                              
000005f3  UCB0I2CSA_H                            
000005f2  UCB0I2CSA_L                            
000005fc  UCB0ICTL                               
000005fd  UCB0ICTL_H                             
000005fc  UCB0ICTL_L                             
000005fe  UCB0IV                                 
000005ec  UCB0RXBUF                              
000005ea  UCB0STAT                               
000005ee  UCB0TXBUF                              
00000626  UCB1BRW                                
00000627  UCB1BRW_H                              
00000626  UCB1BRW_L                              
00000620  UCB1CTLW0                              
00000621  UCB1CTLW0_H                            
00000620  UCB1CTLW0_L                            
00000630  UCB1I2COA                              
00000631  UCB1I2COA_H                            
00000630  UCB1I2COA_L                            
00000632  UCB1I2CSA                              
00000633  UCB1I2CSA_H                            
00000632  UCB1I2CSA_L                            
0000063c  UCB1ICTL                               
0000063d  UCB1ICTL_H                             
0000063c  UCB1ICTL_L                             
0000063e  UCB1IV                                 
0000062c  UCB1RXBUF                              
0000062a  UCB1STAT                               
0000062e  UCB1TXBUF                              
00000160  UCSCTL0                                
00000161  UCSCTL0_H                              
00000160  UCSCTL0_L                              
00000162  UCSCTL1                                
00000163  UCSCTL1_H                              
00000162  UCSCTL1_L                              
00000164  UCSCTL2                                
00000165  UCSCTL2_H                              
00000164  UCSCTL2_L                              
00000166  UCSCTL3                                
00000167  UCSCTL3_H                              
00000166  UCSCTL3_L                              
00000168  UCSCTL4                                
00000169  UCSCTL4_H                              
00000168  UCSCTL4_L                              
0000016a  UCSCTL5                                
0000016b  UCSCTL5_H                              
0000016a  UCSCTL5_L                              
0000016c  UCSCTL6                                
0000016d  UCSCTL6_H                              
0000016c  UCSCTL6_L                              
0000016e  UCSCTL7                                
0000016f  UCSCTL7_H                              
0000016e  UCSCTL7_L                              
00000170  UCSCTL8                                
00000171  UCSCTL8_H                              
00000170  UCSCTL8_L                              
00000902  USBCNF                                 
00000903  USBCNF_H                               
00000902  USBCNF_L                               
0000093c  USBCTL                                 
0000093a  USBFN                                  
0000093b  USBFN_H                                
0000093a  USBFN_L                                
0000093f  USBFUNADR                              
0000093d  USBIE                                  
00002378  USBIEP0BUF                             
000023c9  USBIEPBBAX_1                           
000023d1  USBIEPBBAX_2                           
000023d9  USBIEPBBAX_3                           
000023e1  USBIEPBBAX_4                           
000023e9  USBIEPBBAX_5                           
000023f1  USBIEPBBAX_6                           
000023f9  USBIEPBBAX_7                           
000023cd  USBIEPBBAY_1                           
000023d5  USBIEPBBAY_2                           
000023dd  USBIEPBBAY_3                           
000023e5  USBIEPBBAY_4                           
000023ed  USBIEPBBAY_5                           
000023f5  USBIEPBBAY_6                           
000023fd  USBIEPBBAY_7                           
000023ca  USBIEPBCTX_1                           
000023d2  USBIEPBCTX_2                           
000023da  USBIEPBCTX_3                           
000023e2  USBIEPBCTX_4                           
000023ea  USBIEPBCTX_5                           
000023f2  USBIEPBCTX_6                           
000023fa  USBIEPBCTX_7                           
000023ce  USBIEPBCTY_1                           
000023d6  USBIEPBCTY_2                           
000023de  USBIEPBCTY_3                           
000023e6  USBIEPBCTY_4                           
000023ee  USBIEPBCTY_5                           
000023f6  USBIEPBCTY_6                           
000023fe  USBIEPBCTY_7                           
00000920  USBIEPCNF_0                            
000023c8  USBIEPCNF_1                            
000023d0  USBIEPCNF_2                            
000023d8  USBIEPCNF_3                            
000023e0  USBIEPCNF_4                            
000023e8  USBIEPCNF_5                            
000023f0  USBIEPCNF_6                            
000023f8  USBIEPCNF_7                            
00000921  USBIEPCNT_0                            
0000092e  USBIEPIE                               
00000930  USBIEPIFG                              
000023cf  USBIEPSIZXY_1                          
000023d7  USBIEPSIZXY_2                          
000023df  USBIEPSIZXY_3                          
000023e7  USBIEPSIZXY_4                          
000023ef  USBIEPSIZXY_5                          
000023f7  USBIEPSIZXY_6                          
000023ff  USBIEPSIZXY_7                          
0000093e  USBIFG                                 
00000900  USBKEYID                               
00000901  USBKEYID_H                             
00000900  USBKEYID_L                             
00000936  USBMAINT                               
00000937  USBMAINT_H                             
00000936  USBMAINT_L                             
00002370  USBOEP0BUF                             
00002389  USBOEPBBAX_1                           
00002391  USBOEPBBAX_2                           
00002399  USBOEPBBAX_3                           
000023a1  USBOEPBBAX_4                           
000023a9  USBOEPBBAX_5                           
000023b1  USBOEPBBAX_6                           
000023b9  USBOEPBBAX_7                           
0000238d  USBOEPBBAY_1                           
00002395  USBOEPBBAY_2                           
0000239d  USBOEPBBAY_3                           
000023a5  USBOEPBBAY_4                           
000023ad  USBOEPBBAY_5                           
000023b5  USBOEPBBAY_6                           
000023bd  USBOEPBBAY_7                           
0000238a  USBOEPBCTX_1                           
00002392  USBOEPBCTX_2                           
0000239a  USBOEPBCTX_3                           
000023a2  USBOEPBCTX_4                           
000023aa  USBOEPBCTX_5                           
000023b2  USBOEPBCTX_6                           
000023ba  USBOEPBCTX_7                           
0000238e  USBOEPBCTY_1                           
00002396  USBOEPBCTY_2                           
0000239e  USBOEPBCTY_3                           
000023a6  USBOEPBCTY_4                           
000023ae  USBOEPBCTY_5                           
000023b6  USBOEPBCTY_6                           
000023be  USBOEPBCTY_7                           
00000922  USBOEPCNF_0                            
00002388  USBOEPCNF_1                            
00002390  USBOEPCNF_2                            
00002398  USBOEPCNF_3                            
000023a0  USBOEPCNF_4                            
000023a8  USBOEPCNF_5                            
000023b0  USBOEPCNF_6                            
000023b8  USBOEPCNF_7                            
00000923  USBOEPCNT_0                            
0000092f  USBOEPIE                               
00000931  USBOEPIFG                              
0000238f  USBOEPSIZXY_1                          
00002397  USBOEPSIZXY_2                          
0000239f  USBOEPSIZXY_3                          
000023a7  USBOEPSIZXY_4                          
000023af  USBOEPSIZXY_5                          
000023b7  USBOEPSIZXY_6                          
000023bf  USBOEPSIZXY_7                          
00000904  USBPHYCTL                              
00000905  USBPHYCTL_H                            
00000904  USBPHYCTL_L                            
00000910  USBPLLCTL                              
00000911  USBPLLCTL_H                            
00000910  USBPLLCTL_L                            
00000912  USBPLLDIVB                             
00000913  USBPLLDIVB_H                           
00000912  USBPLLDIVB_L                           
00000914  USBPLLIR                               
00000915  USBPLLIR_H                             
00000914  USBPLLIR_L                             
00000908  USBPWRCTL                              
00000909  USBPWRCTL_H                            
00000908  USBPWRCTL_L                            
00001c00  USBSTABUFF                             
00002380  USBSUBLK                               
0000236f  USBTOPBUFF                             
00000938  USBTSREG                               
00000939  USBTSREG_H                             
00000938  USBTSREG_L                             
00000932  USBVECINT                              
00000933  USBVECINT_H                            
00000932  USBVECINT_L                            
0000441e  USCI_A0_ISR                            
00004400  USCI_B0_ISR                            
0000443a  USCI_B1_ISR                            
0000015c  WDTCTL                                 
0000015d  WDTCTL_H                               
0000015c  WDTCTL_L                               
00004472  WDT_ISR                                
000170d8  WriteSPI                               
00004400  __STACK_END                            
000000a0  __STACK_SIZE                           
00007962  __TI_CINIT_Base                        
00007972  __TI_CINIT_Limit                       
00007950  __TI_Handler_Table_Base                
0000795c  __TI_Handler_Table_Limit               
0000447c  __TI_ISR_TRAP                          
00016d22  __TI_auto_init_nobinit_nopinit_hold_wdt
000169ec  __TI_decompress_lzss                   
000174fe  __TI_decompress_none                   
00013f6a  __TI_frcaddd                           
00011f2e  __TI_frcdivd                           
00013326  __TI_frcmpyd                           
0000ffd2  __TI_int41                             
0000ffd4  __TI_int42                             
0000ffd6  __TI_int43                             
0000ffd8  __TI_int44                             
0000ffda  __TI_int45                             
0000ffdc  __TI_int46                             
0000ffde  __TI_int47                             
0000ffe0  __TI_int48                             
0000ffe2  __TI_int49                             
0000ffe4  __TI_int50                             
0000ffe6  __TI_int51                             
0000ffe8  __TI_int52                             
0000ffea  __TI_int53                             
0000ffec  __TI_int54                             
0000ffee  __TI_int55                             
0000fff0  __TI_int56                             
0000fff2  __TI_int57                             
0000fff4  __TI_int58                             
0000fff6  __TI_int59                             
0000fff8  __TI_int60                             
0000fffa  __TI_int61                             
0000fffc  __TI_int62                             
0001687c  __TI_ltoa                              
ffffffff  __TI_pprof_out_hndl                    
00013080  __TI_printfi                           
ffffffff  __TI_prof_data_size                    
ffffffff  __TI_prof_data_start                   
000161ee  __TI_renormd                           
00017306  __TI_zero_init_nomemset                
ffffffff  __c_args__                             
00012ac2  __mspabi_addd                          
00015784  __mspabi_addf                          
00015e08  __mspabi_cmpd                          
00016e64  __mspabi_cmpf                          
00016766  __mspabi_cvtdf                         
00016ba4  __mspabi_cvtfd                         
000143d6  __mspabi_divd                          
000166d6  __mspabi_divf                          
00016f32  __mspabi_divli                         
00017498  __mspabi_divu                          
00016cca  __mspabi_divul                         
00012774  __mspabi_divull                        
00017290  __mspabi_fixdi                         
00016b3e  __mspabi_fixdli                        
0001756e  __mspabi_fltid                         
0001710e  __mspabi_fltif                         
000163ec  __mspabi_fltlid                        
0001734e  __mspabi_fltuf                         
00013d04  __mspabi_mpyd                          
00016080  __mspabi_mpyf                          
0001746a  __mspabi_mpyi_f5hw                     
00017372  __mspabi_mpyl_f5hw                     
0001720a  __mspabi_negd                          
0001759a  __mspabi_negf                          
00016f32  __mspabi_remli                         
00017498  __mspabi_remu                          
00016cca  __mspabi_remul                         
00017532  __mspabi_slll                          
00016fe8  __mspabi_slll_1                        
00016fc4  __mspabi_slll_10                       
00016fc0  __mspabi_slll_11                       
00016fbc  __mspabi_slll_12                       
00016fb8  __mspabi_slll_13                       
00016fb4  __mspabi_slll_14                       
00016fb0  __mspabi_slll_15                       
00016fe4  __mspabi_slll_2                        
00016fe0  __mspabi_slll_3                        
00016fdc  __mspabi_slll_4                        
00016fd8  __mspabi_slll_5                        
00016fd4  __mspabi_slll_6                        
00016fd0  __mspabi_slll_7                        
00016fcc  __mspabi_slll_8                        
00016fc8  __mspabi_slll_9                        
0001702c  __mspabi_sllll                         
00017522  __mspabi_sral                          
00016faa  __mspabi_sral_1                        
00016f86  __mspabi_sral_10                       
00016f82  __mspabi_sral_11                       
00016f7e  __mspabi_sral_12                       
00016f7a  __mspabi_sral_13                       
00016f76  __mspabi_sral_14                       
00016f72  __mspabi_sral_15                       
00016fa6  __mspabi_sral_2                        
00016fa2  __mspabi_sral_3                        
00016f9e  __mspabi_sral_4                        
00016f9a  __mspabi_sral_5                        
00016f96  __mspabi_sral_6                        
00016f92  __mspabi_sral_7                        
00016f8e  __mspabi_sral_8                        
00016f8a  __mspabi_sral_9                        
00017542  __mspabi_srll                          
00017026  __mspabi_srll_1                        
00017002  __mspabi_srll_10                       
00016ffe  __mspabi_srll_11                       
00016ffa  __mspabi_srll_12                       
00016ff6  __mspabi_srll_13                       
00016ff2  __mspabi_srll_14                       
00016fee  __mspabi_srll_15                       
00017022  __mspabi_srll_2                        
0001701e  __mspabi_srll_3                        
0001701a  __mspabi_srll_4                        
00017016  __mspabi_srll_5                        
00017012  __mspabi_srll_6                        
0001700e  __mspabi_srll_7                        
0001700a  __mspabi_srll_8                        
00017006  __mspabi_srll_9                        
00017066  __mspabi_srlll                         
00017178  __mspabi_subd                          
0001577e  __mspabi_subf                          
00004456  _c_int00_noargs                        
000075fc  _ctypes_                               
0000fffe  _reset_vector                          
00004360  _stack                                 
000175b8  _system_post_cinit                     
000175b4  _system_pre_init                       
00002458  a0                                     
0000245c  a1                                     
00002460  a2                                     
000175ae  abort                                  
00017586  abs                                    
00002400  adc                                    
00016c08  atoi                                   
00016138  average_voltage_caculate               
00002464  back                                   
00006e14  c_chFont1206                           
00006824  c_chFont1608                           
00005c44  c_chFont1616                           
00004484  c_chFont3216                           
00002469  confirm                                
00017238  copysign                               
00017238  copysignl                              
00002472  dc_open_flag                           
00017552  device_init                            
0001648a  dislay_topic                           
00015ee0  display_cap                            
0001551a  display_l                              
0001564c  display_res                            
00015b00  display_value                          
00017590  driver_init                            
0000246c  errno                                  
0000793a  fonts_height                           
0000793e  fonts_width                            
00016346  frexp                                  
00016346  frexpl                                 
000173fc  io_init                                
00002467  jiantou                                
00002468  jiemian                                
00011148  key_dect                               
00015278  ldexp                                  
00015278  ldexpl                                 
0001732a  main                                   
000172e0  memccpy                                
000174d8  memcpy                                 
00017482  memset                                 
00016d76  mode_choose_interface                  
000076fe  my_name                                
00012394  net_detect                             
00002465  open_ac_1ma_flag                       
00002466  open_dc_1ma_flag                       
00010000  pow                                    
00010000  powl                                   
00015278  scalbn                                 
00015278  scalbnl                                
00016eae  sprintf                                
00012da2  sqrt                                   
00012da2  sqrtl                                  
00016974  ssd1351_clear_gram                     
000159d8  ssd1351_display_char                   
000167f2  ssd1351_display_string                 
00016522  ssd1351_draw_h_line                    
00016ad2  ssd1351_draw_point                     
00014bd2  ssd1351_init                           
0001741c  strchr                                 
00017560  strlen                                 
00017510  toupper                                
00016c6a  ucs_init                               
00017144  usci_a0_spi_init                       
00017266  usci_a0_spi_rx_isr_handle              
000170a0  usci_a0_spi_transmit_frame             
00017396  usci_a0_spi_tx_isr_handle              
000171da  usci_b0_i2c_rx_isr_handle              
000172b8  usci_b0_i2c_tx_isr_handle              
00017438  usci_b1_spi_rx_isr_handle              
000173ba  usci_b1_spi_tx_isr_handle              
000175a4  user_init                              
00015b00  user_loop                              
000174ae  wcslen                                 
0001757a  wdt_init                               


GLOBAL SYMBOLS: SORTED BY Symbol Address 

address   name                                   
-------   ----                                   
000000a0  __STACK_SIZE                           
00000100  SFRIE1                                 
00000100  SFRIE1_L                               
00000101  SFRIE1_H                               
00000102  SFRIFG1                                
00000102  SFRIFG1_L                              
00000103  SFRIFG1_H                              
00000104  SFRRPCR                                
00000104  SFRRPCR_L                              
[...]
00000727  ADC12MEM3_H                            
00000728  ADC12MEM4                              
00000728  ADC12MEM4_L                            
00000729  ADC12MEM4_H                            
0000072a  ADC12MEM5                              
0000072a  ADC12MEM5_L                            
0000072b  ADC12MEM5_H                            
0000072c  ADC12MEM6                              
0000072c  ADC12MEM6_L                            
0000072d  ADC12MEM6_H                            
0000072e  ADC12MEM7                              
0000072e  ADC12MEM7_L                            
0000072f  ADC12MEM7_H                            
00000730  ADC12MEM8                              
00000730  ADC12MEM8_L                            
00000731  ADC12MEM8_H                            
00000732  ADC12MEM9                              
00000732  ADC12MEM9_L                            
00000733  ADC12MEM9_H                            
00000734  ADC12MEM10                             
00000734  ADC12MEM10_L                           
00000735  ADC12MEM10_H                           
00000736  ADC12MEM11                             
00000736  ADC12MEM11_L                           
00000737  ADC12MEM11_H                           
00000738  ADC12MEM12                             
00000738  ADC12MEM12_L                           
00000739  ADC12MEM12_H                           
0000073a  ADC12MEM13                             
0000073a  ADC12MEM13_L                           
0000073b  ADC12MEM13_H                           
0000073c  ADC12MEM14                             
0000073c  ADC12MEM14_L                           
0000073d  ADC12MEM14_H                           
0000073e  ADC12MEM15                             
0000073e  ADC12MEM15_L                           
0000073f  ADC12MEM15_H                           
000008c0  CBCTL0                                 
000008c0  CBCTL0_L                               
000008c1  CBCTL0_H                               
000008c2  CBCTL1                                 
000008c2  CBCTL1_L                               
000008c3  CBCTL1_H                               
000008c4  CBCTL2                                 
000008c4  CBCTL2_L                               
000008c5  CBCTL2_H                               
000008c6  CBCTL3                                 
000008c6  CBCTL3_L                               
000008c7  CBCTL3_H                               
000008cc  CBINT                                  
000008cc  CBINT_L                                
000008cd  CBINT_H                                
000008ce  CBIV                                   
00000900  USBKEYID                               
00000900  USBKEYID_L                             
00000901  USBKEYID_H                             
00000902  USBCNF                                 
00000902  USBCNF_L                               
00000903  USBCNF_H                               
00000904  USBPHYCTL                              
00000904  USBPHYCTL_L                            
00000905  USBPHYCTL_H                            
00000908  USBPWRCTL                              
00000908  USBPWRCTL_L                            
00000909  USBPWRCTL_H                            
00000910  USBPLLCTL                              
00000910  USBPLLCTL_L                            
00000911  USBPLLCTL_H                            
00000912  USBPLLDIVB                             
00000912  USBPLLDIVB_L                           
00000913  USBPLLDIVB_H                           
00000914  USBPLLIR                               
00000914  USBPLLIR_L                             
00000915  USBPLLIR_H                             
00000920  USBIEPCNF_0                            
00000921  USBIEPCNT_0                            
00000922  USBOEPCNF_0                            
00000923  USBOEPCNT_0                            
0000092e  USBIEPIE                               
0000092f  USBOEPIE                               
00000930  USBIEPIFG                              
00000931  USBOEPIFG                              
00000932  USBVECINT                              
00000932  USBVECINT_L                            
00000933  USBVECINT_H                            
00000936  USBMAINT                               
00000936  USBMAINT_L                             
00000937  USBMAINT_H                             
00000938  USBTSREG                               
00000938  USBTSREG_L                             
00000939  USBTSREG_H                             
0000093a  USBFN                                  
0000093a  USBFN_L                                
0000093b  USBFN_H                                
0000093c  USBCTL                                 
0000093d  USBIE                                  
0000093e  USBIFG                                 
0000093f  USBFUNADR                              
00001c00  USBSTABUFF                             
0000236f  USBTOPBUFF                             
00002370  USBOEP0BUF                             
00002378  USBIEP0BUF                             
00002380  USBSUBLK                               
00002388  USBOEPCNF_1                            
00002389  USBOEPBBAX_1                           
0000238a  USBOEPBCTX_1                           
0000238d  USBOEPBBAY_1                           
0000238e  USBOEPBCTY_1                           
0000238f  USBOEPSIZXY_1                          
00002390  USBOEPCNF_2                            
00002391  USBOEPBBAX_2                           
00002392  USBOEPBCTX_2                           
00002395  USBOEPBBAY_2                           
00002396  USBOEPBCTY_2                           
00002397  USBOEPSIZXY_2                          
00002398  USBOEPCNF_3                            
00002399  USBOEPBBAX_3                           
0000239a  USBOEPBCTX_3                           
0000239d  USBOEPBBAY_3                           
0000239e  USBOEPBCTY_3                           
0000239f  USBOEPSIZXY_3                          
000023a0  USBOEPCNF_4                            
000023a1  USBOEPBBAX_4                           
000023a2  USBOEPBCTX_4                           
000023a5  USBOEPBBAY_4                           
000023a6  USBOEPBCTY_4                           
000023a7  USBOEPSIZXY_4                          
000023a8  USBOEPCNF_5                            
000023a9  USBOEPBBAX_5                           
000023aa  USBOEPBCTX_5                           
000023ad  USBOEPBBAY_5                           
000023ae  USBOEPBCTY_5                           
000023af  USBOEPSIZXY_5                          
000023b0  USBOEPCNF_6                            
000023b1  USBOEPBBAX_6                           
000023b2  USBOEPBCTX_6                           
000023b5  USBOEPBBAY_6                           
000023b6  USBOEPBCTY_6                           
000023b7  USBOEPSIZXY_6                          
000023b8  USBOEPCNF_7                            
000023b9  USBOEPBBAX_7                           
000023ba  USBOEPBCTX_7                           
000023bd  USBOEPBBAY_7                           
000023be  USBOEPBCTY_7                           
000023bf  USBOEPSIZXY_7                          
000023c8  USBIEPCNF_1                            
000023c9  USBIEPBBAX_1                           
000023ca  USBIEPBCTX_1                           
000023cd  USBIEPBBAY_1                           
000023ce  USBIEPBCTY_1                           
000023cf  USBIEPSIZXY_1                          
000023d0  USBIEPCNF_2                            
000023d1  USBIEPBBAX_2                           
000023d2  USBIEPBCTX_2                           
000023d5  USBIEPBBAY_2                           
000023d6  USBIEPBCTY_2                           
000023d7  USBIEPSIZXY_2                          
000023d8  USBIEPCNF_3                            
000023d9  USBIEPBBAX_3                           
000023da  USBIEPBCTX_3                           
000023dd  USBIEPBBAY_3                           
000023de  USBIEPBCTY_3                           
000023df  USBIEPSIZXY_3                          
000023e0  USBIEPCNF_4                            
000023e1  USBIEPBBAX_4                           
000023e2  USBIEPBCTX_4                           
000023e5  USBIEPBBAY_4                           
000023e6  USBIEPBCTY_4                           
000023e7  USBIEPSIZXY_4                          
000023e8  USBIEPCNF_5                            
000023e9  USBIEPBBAX_5                           
000023ea  USBIEPBCTX_5                           
000023ed  USBIEPBBAY_5                           
000023ee  USBIEPBCTY_5                           
000023ef  USBIEPSIZXY_5                          
000023f0  USBIEPCNF_6                            
000023f1  USBIEPBBAX_6                           
000023f2  USBIEPBCTX_6                           
000023f5  USBIEPBBAY_6                           
000023f6  USBIEPBCTY_6                           
000023f7  USBIEPSIZXY_6                          
000023f8  USBIEPCNF_7                            
000023f9  USBIEPBBAX_7                           
000023fa  USBIEPBCTX_7                           
000023fd  USBIEPBBAY_7                           
000023fe  USBIEPBCTY_7                           
000023ff  USBIEPSIZXY_7                          
00002400  adc                                    
00002458  a0                                     
0000245c  a1                                     
00002460  a2                                     
00002464  back                                   
00002465  open_ac_1ma_flag                       
00002466  open_dc_1ma_flag                       
00002467  jiantou                                
00002468  jiemian                                
00002469  confirm                                
0000246c  errno                                  
00002472  dc_open_flag                           
00004360  _stack                                 
00004400  USCI_B0_ISR                            
00004400  __STACK_END                            
0000441e  USCI_A0_ISR                            
0000443a  USCI_B1_ISR                            
00004456  _c_int00_noargs                        
00004472  WDT_ISR                                
0000447c  __TI_ISR_TRAP                          
00004484  c_chFont3216                           
00005c44  c_chFont1616                           
00006824  c_chFont1608                           
00006e14  c_chFont1206                           
000075fc  _ctypes_                               
000076fe  my_name                                
0000793a  fonts_height                           
0000793e  fonts_width                            
00007950  __TI_Handler_Table_Base                
0000795c  __TI_Handler_Table_Limit               
00007962  __TI_CINIT_Base                        
00007972  __TI_CINIT_Limit                       
0000ffd2  __TI_int41                             
0000ffd4  __TI_int42                             
0000ffd6  __TI_int43                             
0000ffd8  __TI_int44                             
0000ffda  __TI_int45                             
0000ffdc  __TI_int46                             
0000ffde  __TI_int47                             
0000ffe0  __TI_int48                             
0000ffe2  __TI_int49                             
0000ffe4  __TI_int50                             
0000ffe6  __TI_int51                             
0000ffe8  __TI_int52                             
0000ffea  __TI_int53                             
0000ffec  __TI_int54                             
0000ffee  __TI_int55                             
0000fff0  __TI_int56                             
0000fff2  __TI_int57                             
0000fff4  __TI_int58                             
0000fff6  __TI_int59                             
0000fff8  __TI_int60                             
0000fffa  __TI_int61                             
0000fffc  __TI_int62                             
0000fffe  _reset_vector                          
00010000  pow                                    
00010000  powl                                   
00011148  key_dect                               
00011a96  R_C_L_detect                           
00011f2e  __TI_frcdivd                           
00012394  net_detect                             
00012774  __mspabi_divull                        
00012ac2  __mspabi_addd                          
00012da2  sqrt                                   
00012da2  sqrtl                                  
00013080  __TI_printfi                           
00013326  __TI_frcmpyd                           
00013d04  __mspabi_mpyd                          
00013f6a  __TI_frcaddd                           
000143d6  __mspabi_divd                          
00014804  ADS1118                                
00014bd2  ssd1351_init                           
00015278  ldexp                                  
00015278  ldexpl                                 
00015278  scalbn                                 
00015278  scalbnl                                
0001551a  display_l                              
0001564c  display_res                            
0001577e  __mspabi_subf                          
00015784  __mspabi_addf                          
000159d8  ssd1351_display_char                   
00015b00  display_value                          
00015b00  user_loop                              
00015e08  __mspabi_cmpd                          
00015ee0  display_cap                            
00016080  __mspabi_mpyf                          
00016138  average_voltage_caculate               
000161ee  __TI_renormd                           
00016346  frexp                                  
00016346  frexpl                                 
000163ec  __mspabi_fltlid                        
0001648a  dislay_topic                           
00016522  ssd1351_draw_h_line                    
000166d6  __mspabi_divf                          
00016766  __mspabi_cvtdf                         
000167f2  ssd1351_display_string                 
0001687c  __TI_ltoa                              
00016974  ssd1351_clear_gram                     
000169ec  __TI_decompress_lzss                   
00016a62  Display_Chinese                        
00016ad2  ssd1351_draw_point                     
00016b3e  __mspabi_fixdli                        
00016ba4  __mspabi_cvtfd                         
00016c08  atoi                                   
00016c6a  ucs_init                               
00016cca  __mspabi_divul                         
00016cca  __mspabi_remul                         
00016d22  __TI_auto_init_nobinit_nopinit_hold_wdt
00016d76  mode_choose_interface                  
00016e64  __mspabi_cmpf                          
00016eae  sprintf                                
00016ef2  ADS_Read                               
00016f32  __mspabi_divli                         
00016f32  __mspabi_remli                         
00016f72  __mspabi_sral_15                       
00016f76  __mspabi_sral_14                       
00016f7a  __mspabi_sral_13                       
00016f7e  __mspabi_sral_12                       
00016f82  __mspabi_sral_11                       
00016f86  __mspabi_sral_10                       
00016f8a  __mspabi_sral_9                        
00016f8e  __mspabi_sral_8                        
00016f92  __mspabi_sral_7                        
00016f96  __mspabi_sral_6                        
00016f9a  __mspabi_sral_5                        
00016f9e  __mspabi_sral_4                        
00016fa2  __mspabi_sral_3                        
00016fa6  __mspabi_sral_2                        
00016faa  __mspabi_sral_1                        
00016fb0  __mspabi_slll_15                       
00016fb4  __mspabi_slll_14                       
00016fb8  __mspabi_slll_13                       
00016fbc  __mspabi_slll_12                       
00016fc0  __mspabi_slll_11                       
00016fc4  __mspabi_slll_10                       
00016fc8  __mspabi_slll_9                        
00016fcc  __mspabi_slll_8                        
00016fd0  __mspabi_slll_7                        
00016fd4  __mspabi_slll_6                        
00016fd8  __mspabi_slll_5                        
00016fdc  __mspabi_slll_4                        
00016fe0  __mspabi_slll_3                        
00016fe4  __mspabi_slll_2                        
00016fe8  __mspabi_slll_1                        
00016fee  __mspabi_srll_15                       
00016ff2  __mspabi_srll_14                       
00016ff6  __mspabi_srll_13                       
00016ffa  __mspabi_srll_12                       
00016ffe  __mspabi_srll_11                       
00017002  __mspabi_srll_10                       
00017006  __mspabi_srll_9                        
0001700a  __mspabi_srll_8                        
0001700e  __mspabi_srll_7                        
00017012  __mspabi_srll_6                        
00017016  __mspabi_srll_5                        
0001701a  __mspabi_srll_4                        
0001701e  __mspabi_srll_3                        
00017022  __mspabi_srll_2                        
00017026  __mspabi_srll_1                        
0001702c  __mspabi_sllll                         
00017066  __mspabi_srlll                         
000170a0  usci_a0_spi_transmit_frame             
000170d8  WriteSPI                               
0001710e  __mspabi_fltif                         
00017144  usci_a0_spi_init                       
00017178  __mspabi_subd                          
000171da  usci_b0_i2c_rx_isr_handle              
0001720a  __mspabi_negd                          
00017238  copysign                               
00017238  copysignl                              
00017266  usci_a0_spi_rx_isr_handle              
00017290  __mspabi_fixdi                         
000172b8  usci_b0_i2c_tx_isr_handle              
000172e0  memccpy                                
00017306  __TI_zero_init_nomemset                
0001732a  main                                   
0001734e  __mspabi_fltuf                         
00017372  __mspabi_mpyl_f5hw                     
00017396  usci_a0_spi_tx_isr_handle              
000173ba  usci_b1_spi_tx_isr_handle              
000173fc  io_init                                
0001741c  strchr                                 
00017438  usci_b1_spi_rx_isr_handle              
00017452  ADS1118_Config                         
0001746a  __mspabi_mpyi_f5hw                     
00017482  memset                                 
00017498  __mspabi_divu                          
00017498  __mspabi_remu                          
000174ae  wcslen                                 
000174d8  memcpy                                 
000174ec  ADS1118_Init                           
000174fe  __TI_decompress_none                   
00017510  toupper                                
00017522  __mspabi_sral                          
00017532  __mspabi_slll                          
00017542  __mspabi_srll                          
00017552  device_init                            
00017560  strlen                                 
0001756e  __mspabi_fltid                         
0001757a  wdt_init                               
00017586  abs                                    
00017590  driver_init                            
0001759a  __mspabi_negf                          
000175a4  user_init                              
000175ae  C$$EXIT                                
000175ae  abort                                  
000175b4  _system_pre_init                       
000175b8  _system_post_cinit                     
ffffffff  __TI_pprof_out_hndl                    
ffffffff  __TI_prof_data_size                    
ffffffff  __TI_prof_data_start                   
ffffffff  __c_args__                             

[943 symbols]
